     1                                  ; **********************************************
     2                                  ; put_c
     3                                  ; put_s関数を呼び出して、文字列出力を行う
     4                                  ; **********************************************
     5                                  
     6                                          BOOT_LOAD       equ     0x7C00
     7                                          ORG     BOOT_LOAD
     8                                  
     9                                  %include "../include/macro.s"
     1                              <1> ; %macro <マクロ名> <引数の数>
     2                              <1> ; 1-*: 1つ以上の引数が指定されることを示す
     3                              <1> ; .nolist: マクロのリスト出力を抑止
     4                              <1> %macro  cdecl 1-*.nolist
     5                              <1> 
     6                              <1>     ; -------------------------------------------------
     7                              <1>     ; 引数リストから、呼び出し関数の引数を末尾から順にpushする
     8                              <1>     ; -------------------------------------------------
     9                              <1>     ; %rep <number>: %rep -> %endrepの間を指定回数分ループする
    10                              <1>     ; %0 - 1: 呼び出し関数への引数の数(%0は引数の数を表す。引数の数から、呼び出し関数そのものを数から引くと呼び出し関数への引数の数となる)
    11                              <1>     %rep    %0 - 1
    12                              <1>         ; 引数リストの末尾の値をpushする
    13                              <1>         ; %{-1:-1}: 引数リストの末尾を表す
    14                              <1>         push    %{-1:-1}
    15                              <1> 
    16                              <1>         ; %rotate: 引数リストを指定した数だけずらす
    17                              <1>         ; 今回は末尾から引数をpushしたいので、負の数を指定し右方向へ動かす
    18                              <1>         ; ※動作例
    19                              <1>         ; [1, 2, 3, 4] -> (%rotate -1) -> [4, 1, 2, 3]
    20                              <1>         %rotate -1
    21                              <1>     %endrep
    22                              <1> 
    23                              <1>     ; 引数リストの順番を元に戻す
    24                              <1>     %rotate - 1
    25                              <1> 
    26                              <1>     ; 関数呼び出し
    27                              <1>     call    %1
    28                              <1>     
    29                              <1>     ; 引数が与えられている場合
    30                              <1>     %if 1 < %0
    31                              <1>         ; 呼び出し関数への引数分だけスタックの破棄(スタックポインタ(SP)の調整)
    32                              <1>         ; __BITS__: ビットモード判定(実行環境に応じた値(16 or 32 or 64)が得られる)
    33                              <1>         ; ビットモードを3ビット分右にシフト(1/8)すると、バイトサイズが得られる
    34                              <1>         ; * 16ビットモード: 2バイト
    35                              <1>         ; * 32ビットモード: 4バイト
    36                              <1>         ; * 64ビットモード: 8バイト
    37                              <1>         add sp, (__BITS__ >> 3) * (%0 - 1)
    38                              <1>     %endif
    39                              <1> 
    40                              <1> %endmacro
    10                                  
    11                                  entry:
    12 00000000 EB58                            jmp     ipl
    13 00000002 90<rept>                        times 90 - ($ - $$) db 0x90
    14                                  ipl:
    15 0000005A FA                              cli
    16 0000005B B80000                          mov     ax, 0x0000      ; Accumulate(蓄積) Register = 0x0000
    17 0000005E 8ED8                            mov     ds, ax          ; Data Segment  = 0x0000
    18 00000060 8EC0                            mov     es, ax          ; Extra Segment = 0x0000
    19 00000062 8ED0                            mov     ss, ax          ; Stack Segment = 0x0000
    20 00000064 BC007C                          mov     sp, BOOT_LOAD   ; Stack Point   = 0x7C00
    21                                  
    22 00000067 FB                              sti
    23                                  
    24 00000068 8816[8600]                      mov     [BOOT.DRIVE], dl
    25                                  
    26 0000006C 68[7700]E8160083C4-             cdecl   puts, .s0
    26 00000074 02                 
    27                                  
    28 00000075 EBFE                            jmp     $
    29                                  
    30                                  ;データ定義
    31                                  ; 0x0A(LF.カーソル位置を一行下げる), 0x0D(CR.カーソル位置を左端に移動する)
    32 00000077 426F6F74696E672E2E-     .s0     db      "Booting....", 0x0A, 0x0D, 0
    32 00000080 2E2E0A0D00         
    33                                  
    34                                  ; ALIGNディレクティブ。データを2バイト境界で配置するように指示
    35 00000085 00                      ALIGN 2, db 0
    36                                  
    37                                  ; ブートドライブに関する情報
    38                                  BOOT:
    39 00000086 0000                    .DRIVE:         dw 0    ; ドライブ番号
    40                                  
    41                                  ; モジュール読み込み
    42                                  %include        "../modules/real/puts.s"
     1                              <1> ; ******************************
     2                              <1> ; void puts(str);
     3                              <1> ; -----------------
     4                              <1> ; str: 文字列のアドレス
     5                              <1> ; -----------------
     6                              <1> ; ******************************
     7                              <1> 
     8                              <1> ; // ****************
     9                              <1> ; // レジスタ位置関係
    10                              <1> ; // ****************
    11                              <1> ;   + 4 | str
    12                              <1> ;   + 2 | 戻り番地
    13                              <1> ; BP+ 0 | BP
    14                              <1> 
    15                              <1> puts:
    16                              <1>     ; スタックフレームの構築
    17 00000088 55                  <1>     push    bp
    18 00000089 89E5                <1>     mov     bp, sp
    19                              <1> 
    20                              <1>     ; レジスタの保存
    21 0000008B 50                  <1>     push    ax              ;AX: Accumulate Register
    22 0000008C 53                  <1>     push    bx              ;BX: Base Register
    23 0000008D 56                  <1>     push    si              ;SI: Source Register。ストリーム操作コマンド（たとえば MOV命令）でのソース（入力元）へのポインタとして使用
    24                              <1> 
    25                              <1>     ; 引数取得
    26 0000008E 8B7604              <1>     mov     si, [bp + 4]
    27                              <1> 
    28                              <1>     ; 処理開始
    29 00000091 B40E                <1>     mov     ah, 0x0E        ; AH(AXの上位(Hight)8bit)に、テレタイプ式1文字出力を設定
    30 00000093 BB0000              <1>     mov     bx, 0x0000      ; ページ番号と文字色を0に設定
    31 00000096 FC                  <1>     cld                     ; Clear Direction Flag. DF=0で+方向に設定
    32                              <1> .10L:
    33                              <1>     ; LODSB命令: SIレジスタに指定されたアドレスから1バイト分のデータをALレジスタに読み込む。
    34                              <1>     ; そして、SIレジスタの値を1加算(or減算)を行う。今回はDF=0のため加算される)
    35 00000097 AC                  <1>     lodsb
    36                              <1>     
    37                              <1>     ; ALレジスタを比較し0x00(終端文字)の場合は処理終了
    38                              <1>     ; 終端文字ではない場合は、該当文字の文字を出力し、処理を繰り返す
    39 00000098 3C00                <1>     cmp     al, 0
    40 0000009A 7404                <1>     je      .10E
    41 0000009C CD10                <1>     int     0x10            ; ビデオBIOSコール(INT10)
    42 0000009E EBF7                <1>     jmp     .10L
    43                              <1> .10E:
    44                              <1> 
    45                              <1>     ; レジスタの復帰
    46 000000A0 5E                  <1>     pop si
    47 000000A1 5B                  <1>     pop bx
    48 000000A2 58                  <1>     pop ax
    49                              <1> 
    50                              <1>     ; スタックフレームの破棄
    51 000000A3 89EC                <1>     mov sp, bp
    52 000000A5 5D                  <1>     pop bp
    53                              <1> 
    54                              <1>     ; 呼び出し元へ戻る
    55 000000A6 C3                  <1>     ret
    43                                  
    44 000000A7 00<rept>                        times 510 - ($ - $$) db 0x00
    45 000001FE 55AA                            db 0x55, 0xAA
