     1                                  ; **********************************************
     2                                  ; read_chs
     3                                  ; **********************************************
     4                                  %include "../include/macro.s"
     1                              <1> ; %macro <マクロ名> <引数の数>
     2                              <1> ; 1-*: 1つ以上の引数が指定されることを示す
     3                              <1> ; .nolist: マクロのリスト出力を抑止
     4                              <1> %macro  cdecl 1-*.nolist
     5                              <1> 
     6                              <1>     ; -------------------------------------------------
     7                              <1>     ; 引数リストから、呼び出し関数の引数を末尾から順にpushする
     8                              <1>     ; -------------------------------------------------
     9                              <1>     ; %rep <number>: %rep -> %endrepの間を指定回数分ループする
    10                              <1>     ; %0 - 1: 呼び出し関数への引数の数(%0は引数の数を表す。引数の数から、呼び出し関数そのものを数から引くと呼び出し関数への引数の数となる)
    11                              <1>     %rep    %0 - 1
    12                              <1>         ; 引数リストの末尾の値をpushする
    13                              <1>         ; %{-1:-1}: 引数リストの末尾を表す
    14                              <1>         push    %{-1:-1}
    15                              <1> 
    16                              <1>         ; %rotate: 引数リストを指定した数だけずらす
    17                              <1>         ; 今回は末尾から引数をpushしたいので、負の数を指定し右方向へ動かす
    18                              <1>         ; ※動作例
    19                              <1>         ; [1, 2, 3, 4] -> (%rotate -1) -> [4, 1, 2, 3]
    20                              <1>         %rotate -1
    21                              <1>     %endrep
    22                              <1> 
    23                              <1>     ; 引数リストの順番を元に戻す
    24                              <1>     %rotate - 1
    25                              <1> 
    26                              <1>     ; 関数呼び出し
    27                              <1>     call    %1
    28                              <1>     
    29                              <1>     ; 引数が与えられている場合
    30                              <1>     %if 1 < %0
    31                              <1>         ; 呼び出し関数への引数分だけスタックの破棄(スタックポインタ(SP)の調整)
    32                              <1>         ; __BITS__: ビットモード判定(実行環境に応じた値(16 or 32 or 64)が得られる)
    33                              <1>         ; ビットモードを3ビット分右にシフト(1/8)すると、バイトサイズが得られる
    34                              <1>         ; * 16ビットモード: 2バイト
    35                              <1>         ; * 32ビットモード: 4バイト
    36                              <1>         ; * 64ビットモード: 8バイト
    37                              <1>         add sp, (__BITS__ >> 3) * (%0 - 1)
    38                              <1>     %endif
    39                              <1> 
    40                              <1> %endmacro
    41                              <1> 
    42                              <1> struc drive
    43 00000000 <res 00000002>      <1>     .no resw 1      ; ドライブ番号
    44 00000002 <res 00000002>      <1>     .cyln resw 1    ; シリンダ
    45 00000004 <res 00000002>      <1>     .head resw 1    ; ヘッド
    46 00000006 <res 00000002>      <1>     .sect resw 1    ; セクタ
    47                              <1> endstruc
     5                                  %include "../include/define.s"
     1                              <1>     BOOT_LOAD   equ     0x7C00                  ; ブートプログラムのロード位置
     2                              <1>     BOOT_SIZE   equ     (1024 * 8)              ; ブートコードのサイズ
     3                              <1>     SECT_SIZE   equ     (512)                   ; セクタサイズ
     4                              <1>     BOOT_SECT   equ     (BOOT_SIZE / SECT_SIZE) ; ブートプログラムのセクタ数
     6                                  
     7                                          ORG     BOOT_LOAD
     8                                  
     9                                  entry:
    10 00000000 EB58                            jmp     ipl
    11 00000002 90<rept>                        times 90 - ($ - $$) db 0x90
    12                                  ipl:
    13 0000005A FA                              cli                                     ; BIOSからの割り込みを禁止
    14 0000005B B80000                          mov     ax, 0x0000                      ; Accumulate(蓄積) Register = 0x0000
    15 0000005E 8ED8                            mov     ds, ax                          ; Data Segment  = 0x0000
    16 00000060 8EC0                            mov     es, ax                          ; Extra Segment = 0x0000
    17 00000062 8ED0                            mov     ss, ax                          ; Stack Segment = 0x0000
    18 00000064 BC007C                          mov     sp, BOOT_LOAD                   ; Stack Point   = 0x7C00
    19                                  
    20 00000067 FB                              sti                                     ; BIOSからの割り込みを許可
    21                                  
    22 00000068 8816[C600]                      mov     [BOOT + drive.no], dl           ; ブートドライブを保存
    23                                  
    24 0000006C 68[9900]E85C0083C4-             cdecl   puts, .s0
    24 00000074 02                 
    25                                  
    26                                          ; 残りのセクタをすべて読み込む
    27 00000075 BB0F00                          mov     bx, BOOT_SECT - 1               ; BX=残りのブートセクタ数
    28 00000078 B9007E                          mov     cx, BOOT_LOAD + SECT_SIZE       ; CX=次のロードアドレス
    29                                  
    30 0000007B 515368[C600]E8A900-             cdecl   read_chs, BOOT, bx, cx          ; セクタ読み込み実行
    30 00000083 83C406             
    31                                  
    32 00000086 39D8                            cmp     ax, bx                          ; 戻り値(AX) != 残りのセクタ数(bx) -> 再起動する
    33 00000088 740C                    .10Q:   jz      .10E
    34 0000008A 68[B200]E83E0083C4-     .10T:   cdecl   puts, .e0
    34 00000092 02                 
    35 00000093 E85700                          call    reboot
    36                                  .10E:
    37                                  
    38                                          ; 次ステージへ移行
    39 00000096 E92A02                          jmp     stage_2
    40                                  
    41                                  ; データ定義
    42                                  ; 0x0A(LF.カーソル位置を一行下げる), 0x0D(CR.カーソル位置を左端に移動する)
    43 00000099 426F6F74696E672E2E-     .s0     db      "Booting....", 0x0A, 0x0D, 0
    43 000000A2 2E2E0A0D00         
    44 000000A7 2D2D2D2D2D2D2D2D0A-     .s1     db      "--------", 0x0A, 0x0D, 0
    44 000000B0 0D00               
    45 000000B2 4572726F723A736563-     .e0     db      "Error:sector read", 0x0A, 0x0D, 0
    45 000000BB 746F7220726561640A-
    45 000000C4 0D00               
    46                                  
    47                                  
    48                                  
    49                                  ; ブートドライブに関する情報
    50                                  ALIGN 2, db 0                                   ; ALIGNディレクティブ。データを2バイト境界で配置するように指示
    51                                  BOOT:
    52                                          istruc drive
    53 000000C6 0000                                 at drive.no,       dw  0           ; ドライブ番号
    54 000000C8 0000                                 at drive.cyln,     dw  0           ; C: シリンダ
    55 000000CA 0000                                 at drive.head,     dw  0           ; H: ヘッド
    56 000000CC 0200                                 at drive.sect,     dw  2           ; S: セクタ
    57                                          iend
    58                                          
    59                                  ; モジュール読み込み
    60                                  %include        "../modules/real/puts.s"
     1                              <1> ; ******************************
     2                              <1> ; void puts(str);
     3                              <1> ; -----------------
     4                              <1> ; str: 文字列のアドレス
     5                              <1> ; -----------------
     6                              <1> ; ******************************
     7                              <1> 
     8                              <1> ; // ****************
     9                              <1> ; // レジスタ位置関係
    10                              <1> ; // ****************
    11                              <1> ;   + 4 | str
    12                              <1> ;   + 2 | 戻り番地
    13                              <1> ; BP+ 0 | BP
    14                              <1> 
    15                              <1> puts:
    16                              <1>     ; スタックフレームの構築
    17 000000CE 55                  <1>     push    bp
    18 000000CF 89E5                <1>     mov     bp, sp
    19                              <1> 
    20                              <1>     ; レジスタの保存
    21 000000D1 50                  <1>     push    ax              ;AX: Accumulate Register
    22 000000D2 53                  <1>     push    bx              ;BX: Base Register
    23 000000D3 56                  <1>     push    si              ;SI: Source Register。ストリーム操作コマンド（たとえば MOV命令）でのソース（入力元）へのポインタとして使用
    24                              <1> 
    25                              <1>     ; 引数取得
    26 000000D4 8B7604              <1>     mov     si, [bp + 4]
    27                              <1> 
    28                              <1>     ; 処理開始
    29 000000D7 B40E                <1>     mov     ah, 0x0E        ; AH(AXの上位(Hight)8bit)に、テレタイプ式1文字出力を設定
    30 000000D9 BB0000              <1>     mov     bx, 0x0000      ; ページ番号と文字色を0に設定
    31 000000DC FC                  <1>     cld                     ; Clear Direction Flag. DF=0で+方向に設定
    32                              <1> .10L:
    33                              <1>     ; LODSB命令: SIレジスタに指定されたアドレスから1バイト分のデータをALレジスタに読み込む。
    34                              <1>     ; そして、SIレジスタの値を1加算(or減算)を行う。今回はDF=0のため加算される)
    35 000000DD AC                  <1>     lodsb
    36                              <1>     
    37                              <1>     ; ALレジスタを比較し0x00(終端文字)の場合は処理終了
    38                              <1>     ; 終端文字ではない場合は、該当文字の文字を出力し、処理を繰り返す
    39 000000DE 3C00                <1>     cmp     al, 0
    40 000000E0 7404                <1>     je      .10E
    41 000000E2 CD10                <1>     int     0x10            ; ビデオBIOSコール(INT10)
    42 000000E4 EBF7                <1>     jmp     .10L
    43                              <1> .10E:
    44                              <1> 
    45                              <1>     ; レジスタの復帰
    46 000000E6 5E                  <1>     pop si
    47 000000E7 5B                  <1>     pop bx
    48 000000E8 58                  <1>     pop ax
    49                              <1> 
    50                              <1>     ; スタックフレームの破棄
    51 000000E9 89EC                <1>     mov sp, bp
    52 000000EB 5D                  <1>     pop bp
    53                              <1> 
    54                              <1>     ; 呼び出し元へ戻る
    55 000000EC C3                  <1>     ret
    61                                  %include        "../modules/real/reboot.s"
     1                              <1> reboot:
     2                              <1>     ; 再起動の説明を出力
     3 000000ED 68[0901]E8DBFF83C4- <1>     cdecl   puts, .s0
     3 000000F5 02                  <1>
     4                              <1> 
     5                              <1> .10L:
     6                              <1>     ; キー入力待ち
     7 000000F6 B410                <1>     mov     ah, 0x10
     8 000000F8 CD16                <1>     int     0x16
     9                              <1> 
    10                              <1>     ; キー入力が空白文字ではない場合、再度キー入力待ちへ戻る
    11 000000FA 3C20                <1>     cmp     al, ' '
    12 000000FC 75F8                <1>     jne     .10L
    13                              <1> 
    14                              <1>     ; 改行出力
    15 000000FE 68[2701]E8CAFF83C4- <1>     cdecl   puts, .s1
    15 00000106 02                  <1>
    16                              <1> 
    17                              <1>     ; 再起動
    18 00000107 CD19                <1>     int     0x19
    19                              <1> 
    20                              <1> 
    21                              <1>     ; 文字列データ
    22 00000109 0A0D50757368205350- <1> .s0     db 0x0A, 0x0D, "Push SPACE Key to reboot...", 0
    22 00000112 414345204B65792074- <1>
    22 0000011B 6F207265626F6F742E- <1>
    22 00000124 2E2E00              <1>
    23 00000127 0A0D0A0D00          <1> .s1     db 0x0A, 0x0D, 0x0A, 0x0D, 0
    24                              <1> 
    62                                  %include        "../modules/real/read_chs.s"
     1                              <1> ; int read_chs(drive, sect, dst);
     2                              <1> ; @params drive :drive構造体のアドレス
     3                              <1> ; @params sect  :読み出しセクタ数
     4                              <1> ; @params dst   :読み出し先アドレス 
     5                              <1> ; @return       :読み込んだセクタ数
     6                              <1> 
     7                              <1> 
     8                              <1> ; // ****************
     9                              <1> ; // レジスタ位置関係
    10                              <1> ; // ****************
    11                              <1> ;   + 8 | dst
    12                              <1> ;   + 6 | sect
    13                              <1> ;   + 4 | drive
    14                              <1> ;   + 2 | 戻り番地
    15                              <1> ; BP+ 0 | BP
    16                              <1> ; -----------------
    17                              <1> ;   - 2 | retry = 3(読み込みリトライ回数)
    18                              <1> ;   - 4 | sect  = 0(読み込みセクタ数)
    19                              <1> 
    20                              <1> read_chs:
    21                              <1>     ; スタックフレームの構築
    22 0000012C 55                  <1>     push    bp
    23 0000012D 89E5                <1>     mov     bp, sp
    24 0000012F 6A03                <1>     push    3
    25 00000131 6A00                <1>     push    0       
    26                              <1> 
    27                              <1>     ; レジスタの保存
    28 00000133 53                  <1>     push    bx
    29 00000134 51                  <1>     push    cx
    30 00000135 52                  <1>     push    dx
    31 00000136 06                  <1>     push    es
    32 00000137 56                  <1>     push    si
    33                              <1> 
    34                              <1>     ; 処理の開始
    35 00000138 8B7604              <1>     mov     si, [bp + 4]                ; drive構造体のアドレスを取得
    36                              <1>     
    37                              <1>     ; CXレジスタの設定
    38 0000013B 8A6C02              <1>     mov     ch, [si + drive.cyln + 0]   ; CH = シリンダ番号(下位バイト)
    39 0000013E 8A4C03              <1>     mov     cl, [si + drive.cyln + 1]   ; CL = シリンダ番号(上位バイト)
    40 00000141 C0E106              <1>     shl     cl, 6                       ; CL <<= 6; 上位2ビットにシフト 0x11 -> 0x110000
    41 00000144 0A4C06              <1>     or      cl, [si + drive.sect]       ; CL |= セクタ番号(0x110000 | 0x1 = 0x110001)
    42                              <1> 
    43                              <1>     ; セクタ読み込み
    44 00000147 8A7404              <1>     mov     dh, [si + drive.head]       ; DH = ヘッド取得
    45 0000014A 8A14                <1>     mov     dl, [si + 0]                ; DL = ドライブ番号
    46 0000014C B80000              <1>     mov     ax, 0x0000                  ; AX = 0x0000
    47 0000014F 8EC0                <1>     mov     es, ax                      ; ES = セグメント
    48 00000151 8B5E08              <1>     mov     bx, [bp + 8]                ; BX = コピー先(dst)
    49                              <1> .10L:
    50 00000154 B402                <1>     mov     ah, 0x02                    ; AH = セクタ読み込み命令
    51 00000156 8A4606              <1>     mov     al, [bp + 6]                ; AL = 読み込みセクタ数(sect)
    52                              <1> 
    53 00000159 CD13                <1>     int     0x13                        ; セクタ読み込み実行: BIOS(0x13, 0x02): セクタ読み出し
    54 0000015B 7304                <1>     jnc     .11E                        ; 
    55 0000015D B000                <1>     mov     al, 0
    56 0000015F EB0C                <1>     jmp     .10E
    57                              <1> .11E:
    58 00000161 3C00                <1>     cmp     al, 0                       ; 読み込みセクタ数を0
    59 00000163 7508                <1>     jne     .10E
    60                              <1> 
    61 00000165 B80000              <1>     mov     ax, 0
    62 00000168 FF4EFE              <1>     dec     word [bp - 2]               ; リトライ回数をデクリメント
    63 0000016B 75E7                <1>     jnz     .10L                        ; 一行前のデクリメント結果が0でない場合、ループする
    64                              <1> .10E:
    65 0000016D B400                <1>     mov     ah, 0                       ; ステータス情報を破棄
    66                              <1> 
    67                              <1>     ; レジスタの復帰
    68 0000016F 5E                  <1>     pop     si
    69 00000170 07                  <1>     pop     es
    70 00000171 5A                  <1>     pop     dx
    71 00000172 59                  <1>     pop     cx
    72 00000173 5B                  <1>     pop     bx
    73                              <1> 
    74                              <1>     ; スタックフレームの破棄
    75 00000174 89EC                <1>     mov     sp, bp
    76 00000176 5D                  <1>     pop     bp
    77                              <1> 
    78 00000177 C3                  <1>     ret
    63                                  
    64                                          ; プートフラグの定義
    65 00000178 00<rept>                        times 510 - ($ - $$) db 0x00
    66 000001FE 55AA                            db 0x55, 0xAA
    67                                  
    68                                  %include        "../modules/real/itoa.s"
     1                              <1> ; ******************************
     2                              <1> ; void itos(num, buff, size, radix, flag);
     3                              <1> ; (Int TO Ascii)
     4                              <1> ; -----------------
     5                              <1> ; num   : 変換対象の数値
     6                              <1> ; buff  : 保存先のバッファアドレス
     7                              <1> ; size  : 保存先のバッファサイズ
     8                              <1> ; radix : 基数(2, 8, 10, 16のいずれか)
     9                              <1> ; flag  : ビット定義フラグ
    10                              <1> ;         B2: 空白を'0'で埋める
    11                              <1> ;         B1: '+/-'符号を追加
    12                              <1> ;         B0: 値を符号付変数として扱う
    13                              <1> ; -----------------
    14                              <1> ; ******************************
    15                              <1> 
    16                              <1> ; // ****************
    17                              <1> ; // レジスタ位置関係
    18                              <1> ; // ****************
    19                              <1> ;   + 12 | flag
    20                              <1> ;   + 10 | radix
    21                              <1> ;   + 8  | size
    22                              <1> ;   + 6  | buff
    23                              <1> ;   + 4  | num
    24                              <1> ;   + 2  | 戻り番地
    25                              <1> ; BP+ 0  | BP
    26                              <1> 
    27                              <1> itoa:
    28                              <1>         ; スタックフレームの構築
    29 00000200 55                  <1>         push    bp
    30 00000201 89E5                <1>         mov     bp, sp
    31                              <1> 
    32                              <1>         ; レジスタの保存
    33 00000203 50                  <1>         push    ax
    34 00000204 53                  <1>         push    bx
    35 00000205 51                  <1>         push    cx
    36 00000206 52                  <1>         push    dx
    37 00000207 56                  <1>         push    si
    38 00000208 57                  <1>         push    di
    39                              <1> 
    40                              <1>         ; 引数取得
    41 00000209 8B4604              <1>         mov     ax, [bp + 4]        ; num:  変換対象の数値
    42 0000020C 8B7606              <1>         mov     si, [bp + 6]        ; buff: 変換先のバッファアドレス
    43 0000020F 8B4E08              <1>         mov     cx, [bp + 8]        ; size: バッファサイズ
    44                              <1> 
    45 00000212 89F7                <1>         mov     di, si              ; バッファの末尾を取得: di = buff[size - 1]
    46 00000214 01CF                <1>         add     di, cx              ; di = buff + size
    47 00000216 4F                  <1>         dec     di                  ; di = di - 1
    48                              <1>         
    49 00000217 8B5E0C              <1>         mov     bx, word [bp + 12]  ; flag: 変換オプション
    50                              <1> 
    51                              <1> 
    52                              <1>         ; ------------------
    53                              <1>         ; 符号付き判定
    54                              <1>         ; ------------------
    55 0000021A F7C30100            <1>         test    bx, 0b0001  ; test <1>, <2>: 与えられた２つの値の論理積を行い、結果が0であればゼロフラグ(ZF)を立てる
    56 0000021E 7408                <1> .10Q:   je      .10E        ; je: ゼロフラグ(ZF)をチェックして、フラグが立っていれば指定ラベルへ移動する
    57 00000220 83F800              <1>         cmp     ax, 0       ; 対象データ(ax=val)が負の値の場合、符号出力を行うフラグ(bx)をオンにする
    58 00000223 7D03                <1>         jge     .12E
    59 00000225 83CB02              <1>         or      bx, 0b0010  ;  bx |= 2. OR演算のためB2位置が1となる(0x0000 | 0x0010 = 0x0010)
    60                              <1> .12E:
    61                              <1> .10E:
    62                              <1> 
    63                              <1>         ; ------------------
    64                              <1>         ; 符号出力判定
    65                              <1>         ; ------------------
    66 00000228 F7C30200            <1>         test    bx, 0b0010      ; if(flag == 0x0010) {
    67 0000022C 7412                <1> .20Q:   je      .20E            ; 
    68 0000022E 83F800              <1>         cmp     ax, 0           ;   if(num < 0) {
    69 00000231 7D07                <1>         jge     .22F            ;
    70                              <1> 
    71                              <1>         ; 負の値の場合            ;
    72 00000233 F7D8                <1>         neg     ax              ; NEG(2の補数)命令によって、符号を反転: num *= -1
    73 00000235 C6042D              <1>         mov     [si], byte '-'  ; 変換先のバッファアドレス(si)の先頭に'-'を付与: *buff += '-'
    74 00000238 EB05                <1>         jmp     .22E            ;
    75                              <1> 
    76                              <1>         ; 正の値の場合
    77 0000023A C6042B              <1> .22F:   mov     [si], byte '+'  ; 変換先のバッファアドレス(si)の先頭に'+'を付与: *buff += '-'
    78 0000023D EB00                <1>         jmp     .22E
    79 0000023F 49                  <1> .22E:   dec     cx              ; 符号を付与した分、残りのバッファサイズ(cx=size)を減算
    80                              <1> .20E:
    81                              <1> 
    82                              <1>         ; ------------------
    83                              <1>         ; Ascii変換
    84                              <1>         ; ------------------
    85 00000240 8B5E0A              <1>         mov     bx, [bp + 10]           ; BX = 基数を取得
    86                              <1> .30L:
    87 00000243 BA0000              <1>         mov     dx, 0                   ; 割り算の余りはdxに代入される。なので、事前に0初期化している。
    88 00000246 F7F3                <1>         div     bx                      ; 基数(bx)で割り算(div)を行う
    89                              <1> 
    90 00000248 89D6                <1>         mov     si, dx
    91 0000024A 8A94[7202]          <1>         mov     dl, byte [.ascii + si]  ; 割り算の余りから、Asciiテーブルを参照
    92                              <1> 
    93 0000024E 8815                <1>         mov     [di], dl                ; di(変換後のバッファアドレスの末尾)にAscii文字を設定
    94 00000250 4F                  <1>         dec     di                      ; 末尾の１つ前が次のAscii文字設定先であるため、減算(dec)する
    95                              <1> 
    96                              <1>         ; 割り算対象の値は暗黙的にax(変換対象の数値)が使用される
    97                              <1>         ; loopnz命令により、残りのバッファサイズ(cx)か変換対象(az)が0になるまで、ループを繰り返す
    98 00000251 83F800              <1>         cmp     ax, 0
    99 00000254 E0ED                <1>         loopnz  .30L
   100                              <1> .30E:
   101                              <1> 
   102                              <1>         ; ------------------
   103                              <1>         ; 空欄を埋める
   104                              <1>         ; ------------------
   105 00000256 83F900              <1>         cmp     cx, 0                   ; バッファサイズ(cx)が残っている場合に、空欄埋めを行う
   106 00000259 740D                <1> .40Q:   je      .40E
   107 0000025B B020                <1>         mov     al, ' '
   108 0000025D 837E0C04            <1>         cmp     [bp + 12], word 0b0100
   109 00000261 7502                <1> .42Q:   jne     .42E
   110 00000263 B030                <1>         mov     al, '0'
   111                              <1> .42E:
   112 00000265 FD                  <1>         std                             ; DF=0をセット
   113 00000266 F3AA                <1>         rep stosb                       ; rep命令を置くことで、cxレジスタが0になるまで、後続のstosb命令を繰り返す。その際、stosb命令実行後にcxレジスタの減算を行う。
   114                              <1> .40E:
   115                              <1> 
   116                              <1>     ; レジスタの復帰
   117 00000268 5F                  <1>     pop di
   118 00000269 5E                  <1>     pop si
   119 0000026A 5A                  <1>     pop dx
   120 0000026B 59                  <1>     pop cx
   121 0000026C 5B                  <1>     pop bx
   122 0000026D 58                  <1>     pop ax
   123                              <1> 
   124                              <1>     ; スタックフレームの破棄
   125 0000026E 89EC                <1>     mov sp, bp
   126 00000270 5D                  <1>     pop bp
   127                              <1> 
   128 00000271 C3                  <1>     ret
   129                              <1> 
   130 00000272 303132333435363738- <1> .ascii  db      "0123456789ABCDEF" ;変換デーブル
   130 0000027B 39414243444546      <1>
    69                                  %include        "../modules/real/get_drive_params.s"
     1                              <1> ; --------------------------------------
     2                              <1> ; int get_drive_params(drive, no);
     3                              <1> ; @params drive :drive構造体のアドレス
     4                              <1> ; @params no    :対象となるドライブ番号
     5                              <1> ; @return       :成功(0以外) or 失敗(0)
     6                              <1> ; --------------------------------------
     7                              <1> 
     8                              <1> ; ****************
     9                              <1> ; レジスタ位置関係
    10                              <1> ; ***************
    11                              <1> ;   + 6 | no
    12                              <1> ;   + 4 | drive
    13                              <1> ;   + 2 | 戻り番地
    14                              <1> ; BP+ 0 | BP
    15                              <1> ; -----------------
    16                              <1> 
    17                              <1> get_drive_params:
    18                              <1>         ; スタックフレームの構築
    19 00000282 55                  <1>         push    bp
    20 00000283 89E5                <1>         mov     bp, sp
    21                              <1> 
    22                              <1>         ; レジスタの保存
    23 00000285 53                  <1>         push    bx
    24 00000286 51                  <1>         push    cx
    25 00000287 06                  <1>         push    es
    26 00000288 56                  <1>         push    si
    27 00000289 57                  <1>         push    di
    28                              <1> 
    29                              <1>         ; 処理の開始
    30 0000028A 8B7604              <1>         mov     si, [bp + 4]        ; drive: drive構造体のアドレス
    31 0000028D B80000              <1>         mov     ax, 0
    32 00000290 8EC0                <1>         mov     es, ax              ; ES=0
    33 00000292 89C7                <1>         mov     di, ax              ; DI=0
    34                              <1> 
    35                              <1>         ; ドライブパラメタを読み込む: BIOS(0x13, 0x08)
    36                              <1>         ;  - 0x13: Disk Services           : FDD、HDD、ROMディスク、RFDディスクなどにアクセスする
    37                              <1>         ;  - 0x08: Read Drive Parameters   : ドライブパラメータを読み込み
    38                              <1>         ;    (Ref: http://softwaretechnique.jp/OS_Development/Tips/Bios_Services/disk_services.html)
    39                              <1>         ;  - 取得したドライブパラメタは、CH, CL, DH, DLレジスタに設定される。
    40 00000294 B408                <1>         mov     ah, 8
    41 00000296 8A14                <1>         mov     dl, [si + drive.no] ; DL = ドライブ番号
    42 00000298 CD13                <1>         int     0x13                ; BIOS(0x13, AH=0x08)
    43 0000029A 721B                <1> .10Q:   jc      .10F
    44                              <1> .10T:
    45                              <1>         ; セクタ数(AX)を取得
    46                              <1>         ; - セクタ数はCLの下位6ビットに割り当てられている(上位2ビットはシリンダ数が割り当てられている)
    47                              <1>         ; - ALはAXの下位８ビットであるため、ALに代入してもAXで使用できる
    48                              <1>         ; - セクタ数の取得は、ALと0x3FのAND演算による下位6ビット抽出によって行う
    49 0000029C 88C8                <1>         mov     al, cl
    50 0000029E 83E03F              <1>         and     ax, 0x3F
    51                              <1> 
    52                              <1>         ; シリンダ数の取得
    53                              <1>         ; - 読み込んだシリンダはCHとCLの上位2ビットに割り当てられている(以下の括弧で囲われているビットが対象)
    54                              <1>         ;   CH                           CL
    55                              <1>         ;   [(7),(6),(5),(4),(3),(2),(1)][(*7),(*6),5,4,3,2,1]
    56                              <1>         ;
    57                              <1>         ; - シリンダ取得では、上のCH,CL内のデータを以下の並びにする
    58                              <1>         ;   [(*7),(*6),(7),(6),(5),(4),(3),(2),(1)]
    59 000002A1 C0E906              <1>         shr     cl, 6               ; CLを6ビット分の右シフト
    60 000002A4 C1C908              <1>         ror     cx, 8               ; CX(CH+CL)を8ビット分の右回転
    61 000002A7 41                  <1>         inc     cx                  ; シリンダ数は0始まりであるため、1加算する
    62                              <1> 
    63                              <1>         ; ヘッド数の取得
    64                              <1>         ; - ヘッド数は、DHに割り当てられている
    65 000002A8 0FB6DE              <1>         movzx   bx, dh              ; movzx命令で上位1バイト追加して取得する
    66 000002AB 43                  <1>         inc     bx                  ; ヘッド数は0始まりであるため、1加算する
    67                              <1> 
    68                              <1>         ; 取得したドライブパラメタを、引数のdrive構造体に設定
    69 000002AC 894C02              <1>         mov [si + drive.cyln], cx
    70 000002AF 895C04              <1>         mov [si + drive.head], bx
    71 000002B2 894406              <1>         mov [si + drive.sect], ax
    72                              <1> 
    73 000002B5 EB03                <1>         jmp .10E
    74                              <1> .10F:
    75                              <1>         ; 読み込み失敗した場合、戻り値を0(=失敗)に設定
    76 000002B7 B80000              <1>         mov     ax, 0
    77                              <1> .10E:
    78                              <1>         ; レジスタの復帰
    79 000002BA 5F                  <1>         pop di
    80 000002BB 5E                  <1>         pop si
    81 000002BC 07                  <1>         pop es
    82 000002BD 59                  <1>         pop cx
    83 000002BE 5B                  <1>         pop bx
    84                              <1> 
    85                              <1>         ; スタックフレームの破棄
    86 000002BF 89EC                <1>         mov sp, bp
    87 000002C1 5D                  <1>         pop bp
    88                              <1> 
    89 000002C2 C3                  <1>         ret
    70                                  
    71                                  stage_2:
    72 000002C3 68[3D03]E805FE83C4-             cdecl   puts, .s0
    72 000002CB 02                 
    73                                  
    74                                          ; ドライブ情報を取得
    75 000002CC 68[C600]E8B0FF83C4-             cdecl   get_drive_params, BOOT
    75 000002D4 02                 
    76 000002D5 83F800                          cmp     ax, 0
    77 000002D8 750C                    .10Q:   jne     .10E
    78 000002DA 68[7403]E8EEFD83C4-     .10T:   cdecl   puts, .e0
    78 000002E2 02                 
    79 000002E3 E807FE                          call    reboot
    80                                  .10E:
    81                                  
    82                                          ; ドライブ情報を表示
    83                                          ; 以下が表示される
    84                                          ; Drive:0x80, C:0x0014, H:0x02, D:0x10
    85                                          ; ドライブ番号:128, シリンダ数:20, ヘッド数:2, セクタ数:16
    86 000002E6 A1[C600]                        mov     ax, [BOOT + drive.no]
    87 000002E9 6A046A106A0268-                 cdecl   itoa, ax, .p1, 2, 16, 0b0100
    87 000002F0 [5503]50E80AFF83C4-
    87 000002F8 0A                 
    88 000002F9 A1[C800]                        mov     ax, [BOOT + drive.cyln]
    89 000002FC 6A046A106A0468-                 cdecl   itoa, ax, .p2, 4, 16, 0b0100
    89 00000303 [5D03]50E8F7FE83C4-
    89 0000030B 0A                 
    90 0000030C A1[CA00]                        mov     ax, [BOOT + drive.head]
    91 0000030F 6A046A106A0268-                 cdecl   itoa, ax, .p3, 2, 16, 0b0100
    91 00000316 [6703]50E8E4FE83C4-
    91 0000031E 0A                 
    92 0000031F A1[CC00]                        mov     ax, [BOOT + drive.sect]
    93 00000322 6A046A106A0268-                 cdecl   itoa, ax, .p4, 2, 16, 0b0100
    93 00000329 [6F03]50E8D1FE83C4-
    93 00000331 0A                 
    94 00000332 68[4C03]E896FD83C4-             cdecl   puts, .s1
    94 0000033A 02                 
    95                                  
    96                                          ; 処理の終了
    97 0000033B EBFE                            jmp     $
    98                                  
    99                                  ; データ定義
   100 0000033D 326E64207374616765-     .s0     db      "2nd stage...", 0x0A, 0x0D, 0
   100 00000346 2E2E2E0A0D00       
   101                                  
   102 0000034C 2044726976653A3078      .s1     db      " Drive:0x"
   103 00000355 20202C20433A3078        .p1     db      "  , C:0x"
   104 0000035D 202020202C20483A30-     .p2     db      "    , H:0x"
   104 00000366 78                 
   105 00000367 20202C20533A3078        .p3     db      "  , S:0x"
   106 0000036F 20200A0D00              .p4     db      "  ", 0x0A, 0x0D, 0
   107                                  
   108 00000374 43616E277420676574-     .e0     db      "Can't get drive parameter. ", 0
   108 0000037D 206472697665207061-
   108 00000386 72616D657465722E20-
   108 0000038F 00                 
   109                                  
   110                                          ; ブートプログラムを8Kバイトとして定義
   111 00000390 00<rept>                        times BOOT_SIZE - ($ - $$) db 0        ; 8Kバイト
